<?xml version="1.0" encoding="UTF-8"?>
<dataset>
    <valutazione ID='1' esito='1' utente_valutato='utente1' utente_valutante='utente2' ID_evento='1'/>
    <valutazione ID='2' esito='-1' utente_valutato='utente1' utente_valutante='utente2' ID_evento='1'/>
    <valutazione ID='3' esito='1' utente_valutato='utente1' utente_valutante='utente2' ID_evento='1'/>
</dataset>